2026-08-10 16:10:41  INFO      Application started / page reloaded
2026-08-10 16:11:26  INFO      Application started / page reloaded
2026-08-10 16:11:45  INFO      Application started / page reloaded
2026-08-10 16:24:18  INFO      Application started / page reloaded
2026-08-10 16:24:24  INFO      Application started / page reloaded
2026-08-10 16:24:25  INFO      Application started / page reloaded
2026-08-10 16:24:25  INFO      Model loaded successfully from models\roughness_model.joblib
2026-08-10 16:24:29  INFO      Application started / page reloaded
2026-08-10 16:24:37  INFO      Application started / page reloaded
2026-08-10 16:40:56  INFO      Application started / page reloaded
2026-08-10 16:42:08  INFO      Application started / page reloaded
2026-08-10 16:42:13  INFO      Application started / page reloaded
2026-08-10 16:42:13  INFO      Model loaded successfully from models\roughness_model.joblib
2026-08-10 16:42:15  INFO      Application started / page reloaded
2026-08-10 16:42:23  INFO      Application started / page reloaded
2026-08-10 16:42:39  INFO      Application started / page reloaded
2026-08-10 16:45:06  INFO      Application started / page reloaded
2026-08-10 16:47:39  INFO      Application started / page reloaded
2026-08-10 16:47:44  INFO      Application started / page reloaded
2026-08-10 16:50:53  INFO      Application started / page reloaded
2026-08-10 16:50:53  INFO      Model loaded successfully from models\roughness_model.joblib
2026-08-10 16:51:04  INFO      Application started / page reloaded
2026-08-10 16:51:06  INFO      Application started / page reloaded
2026-08-10 16:51:18  INFO      Application started / page reloaded
2026-08-10 16:51:26  INFO      Application started / page reloaded
2026-08-10 16:51:28  INFO      Application started / page reloaded
2026-08-10 16:51:39  INFO      Application started / page reloaded
2026-08-10 16:51:40  INFO      Application started / page reloaded
2026-08-10 16:51:40  INFO      Application started / page reloaded
2026-08-10 16:51:40  INFO      Application started / page reloaded
2026-08-10 16:51:40  INFO      Application started / page reloaded
2026-08-10 16:51:40  INFO      Application started / page reloaded
2026-08-10 16:51:40  INFO      Application started / page reloaded
2026-08-10 16:51:41  INFO      Application started / page reloaded
2026-08-10 16:51:41  INFO      Application started / page reloaded
2026-08-10 16:51:41  INFO      Application started / page reloaded
2026-08-10 16:51:42  INFO      Application started / page reloaded
2026-08-10 16:51:42  INFO      Prediction request: printer=closed, material=PLA+, layer=0.1mm, infill=20%, pattern=grid, speed=30mm/s
2026-08-10 16:51:42  INFO      Prediction success: printer=closed, material=PLA+, layer=0.1mm, infill=20%, pattern=grid, speed=30mm/s → roughness=2.4698 µm (target=5.0000 µm)
2026-08-10 16:53:10  INFO      Application started / page reloaded
2026-08-10 16:53:13  INFO      Application started / page reloaded
2026-08-10 16:53:14  INFO      Application started / page reloaded
2026-08-10 16:53:17  INFO      Application started / page reloaded
2026-08-10 16:53:17  INFO      Prediction request: printer=closed, material=PLA+, layer=0.2mm, infill=80%, pattern=grid, speed=50mm/s
2026-08-10 16:53:17  INFO      Prediction success: printer=closed, material=PLA+, layer=0.2mm, infill=80%, pattern=grid, speed=50mm/s → roughness=4.8294 µm (target=5.0000 µm)
2026-08-10 16:53:25  INFO      Application started / page reloaded
2026-08-10 16:53:27  INFO      Application started / page reloaded
2026-08-10 16:53:27  INFO      Prediction request: printer=closed, material=PLA+, layer=0.3mm, infill=80%, pattern=grid, speed=50mm/s
2026-08-10 16:53:27  INFO      Prediction success: printer=closed, material=PLA+, layer=0.3mm, infill=80%, pattern=grid, speed=50mm/s → roughness=6.9072 µm (target=5.0000 µm)
2026-08-10 16:54:26  INFO      Application started / page reloaded
2026-08-10 16:56:28  INFO      Application started / page reloaded
2026-08-10 16:57:39  INFO      Application started / page reloaded
2026-08-10 16:58:51  INFO      Application started / page reloaded
2026-08-10 18:37:45  INFO      Application session started
2026-08-10 18:39:16  INFO      Model loaded successfully from models\roughness_model.joblib
2026-08-10 18:39:18  INFO      Model loaded successfully from models\roughness_model.joblib
2026-08-10 18:39:18  INFO      Prediction request: printer=closed, material=ABS, layer=0.2mm, infill=50%, pattern=concentric, speed=50mm/s
2026-08-10 18:39:18  INFO      Prediction success: printer=closed, material=ABS, layer=0.2mm, infill=50%, pattern=concentric, speed=50mm/s -> roughness=6.5397 µm (target=6.0300 µm)
2026-08-10 18:42:45  INFO      Application session started
2026-08-10 18:42:48  INFO      Model loaded successfully from models\roughness_model.joblib
2026-08-10 18:50:05  INFO      Application session started
2026-08-10 18:50:08  INFO      Model loaded successfully from models\roughness_model.joblib
2026-08-10 20:24:05  INFO      Application session started
2026-08-10 21:11:59  INFO      Application session started
2026-08-10 21:12:49  INFO      Model loaded successfully from models\roughness_model.joblib
2026-08-10 21:12:50  INFO      Model loaded successfully from models\roughness_model.joblib
2026-08-10 21:12:50  INFO      Prediction request: printer=closed, material=ABS, layer=0.2mm, infill=50%, pattern=concentric, speed=50mm/s
2026-08-10 21:12:50  INFO      Prediction success: printer=closed, material=ABS, layer=0.2mm, infill=50%, pattern=concentric, speed=50mm/s -> roughness=6.5397 µm (target=6.0300 µm)
2026-08-10 21:13:00  INFO      Model loaded successfully from models\roughness_model.joblib
2026-08-10 21:13:03  INFO      Model loaded successfully from models\roughness_model.joblib
2026-08-10 21:13:06  INFO      Model loaded successfully from models\roughness_model.joblib
2026-08-10 21:13:08  INFO      Model loaded successfully from models\roughness_model.joblib
2026-08-10 21:13:08  INFO      Prediction request: printer=closed, material=ABS, layer=0.2mm, infill=80%, pattern=concentric, speed=70mm/s
2026-08-10 21:13:08  INFO      Prediction success: printer=closed, material=ABS, layer=0.2mm, infill=80%, pattern=concentric, speed=70mm/s -> roughness=6.8943 µm (target=6.0300 µm)
2026-08-10 21:52:21  INFO      Application started / page reloaded
2026-08-10 21:52:25  INFO      Application started / page reloaded
2026-08-10 21:52:27  INFO      Application started / page reloaded
2026-08-10 21:52:27  INFO      Model loaded successfully from models\roughness_model.joblib
2026-08-10 21:52:29  INFO      Application started / page reloaded
2026-08-10 21:52:29  INFO      Prediction request: printer=closed, material=ABS, layer=0.2mm, infill=50%, pattern=concentric, speed=50mm/s
2026-08-10 21:52:29  INFO      Prediction success: printer=closed, material=ABS, layer=0.2mm, infill=50%, pattern=concentric, speed=50mm/s → roughness=6.5397 µm (target=6.0300 µm)
2026-08-10 21:52:33  INFO      Application started / page reloaded
2026-08-10 21:52:41  INFO      Application started / page reloaded
2026-08-10 21:52:43  INFO      Application started / page reloaded
2026-08-10 21:52:44  INFO      Application started / page reloaded
2026-08-10 21:52:45  INFO      Application started / page reloaded
2026-08-10 21:52:47  INFO      Application started / page reloaded
2026-08-10 21:52:48  INFO      Application started / page reloaded
2026-08-10 21:52:50  INFO      Application started / page reloaded
2026-08-10 21:52:56  INFO      Application started / page reloaded
2026-08-10 21:52:57  INFO      Application started / page reloaded
2026-08-10 21:53:13  INFO      Application started / page reloaded
2026-08-10 21:54:33  INFO      Application started / page reloaded
2026-08-10 21:54:36  INFO      Application started / page reloaded
2026-08-10 21:54:38  INFO      Application started / page reloaded
2026-08-10 21:54:38  INFO      Model loaded successfully from models\roughness_model.joblib
2026-08-10 21:54:38  INFO      Application started / page reloaded
2026-08-10 22:04:08  INFO      Application started / page reloaded
2026-08-10 22:04:11  INFO      Application started / page reloaded
2026-08-10 22:04:11  INFO      Application started / page reloaded
2026-08-10 22:04:12  INFO      Model loaded successfully from models\roughness_model.joblib
2026-08-10 22:04:13  INFO      Application started / page reloaded
2026-08-10 22:04:14  INFO      Application started / page reloaded
2026-08-10 22:04:32  INFO      Application started / page reloaded
2026-08-10 22:04:36  INFO      Application started / page reloaded
2026-08-10 22:04:48  INFO      Application started / page reloaded
2026-08-10 22:04:48  INFO      Model loaded successfully from models\roughness_model.joblib
2026-08-10 22:04:50  INFO      Application started / page reloaded
2026-08-10 22:04:50  INFO      Prediction request: printer=closed, material=ABS, layer=0.2mm, infill=50%, pattern=concentric, speed=50mm/s
2026-08-10 22:04:50  INFO      Prediction success: printer=closed, material=ABS, layer=0.2mm, infill=50%, pattern=concentric, speed=50mm/s → roughness=6.5397 µm (target=6.0300 µm)
2026-08-10 22:04:53  INFO      Application started / page reloaded
2026-08-12 16:54:00  INFO      Application started / page reloaded
2026-08-12 16:54:29  INFO      Application started / page reloaded
2026-08-12 16:54:34  INFO      Application started / page reloaded
2026-08-12 16:54:39  INFO      Application started / page reloaded
2026-08-12 16:54:39  INFO      Model loaded successfully from models\roughness_model.joblib
2026-08-12 16:54:41  INFO      Application started / page reloaded
2026-08-12 16:54:41  INFO      Prediction request: printer=closed, material=ABS, layer=0.2mm, infill=50%, pattern=concentric, speed=50mm/s
2026-08-12 16:54:41  INFO      Prediction success: printer=closed, material=ABS, layer=0.2mm, infill=50%, pattern=concentric, speed=50mm/s → roughness=6.5397 µm (target=6.0300 µm)
2026-08-12 16:56:09  INFO      Application started / page reloaded
